GST:
0: 3(3)X
1: =2(3)L
debug: [3 [2]]
is 2 present? yes
GST:
0: =2(2)X
debug: [2]
is 3 present? no
GST:
debug: []
is 2 present? no
size: 0
Duplicates: 0
Nodes: 0
Minimum depth: -1
Maximum depth: -1
